20:52:32 [INFO] main: GitHub token loaded from environment configuration
INFO:     Started server process [35896]
INFO:     Waiting for application startup.
INFO:     Application startup complete.
INFO:     Uvicorn running on http://0.0.0.0:8001 (Press CTRL+C to quit)
INFO:     127.0.0.1:49497 - "WebSocket /ws/migration/b3076841-6ee7-41ad-a468-1dbb3e9e70ce" [accepted]
INFO:     connection open
INFO:     connection closed
20:52:33 [INFO] main: [DownloadZip] Request received for job_id: b3076841-6ee7-41ad-a468-1dbb3e9e70ce
20:52:34 [DEBUG] fpdf.fpdf: Page break on page 1 at y=277 for element of height 8 > 277
20:52:34 [DEBUG] fpdf.output: Final size summary of the biggest document sections:
20:52:34 [DEBUG] fpdf.output: - pages: 1.7KiB
20:52:34 [DEBUG] fpdf.output: - fonts: 304.0B
20:52:37 [INFO] main: [DownloadZip] Completed archiving for job_id: b3076841-6ee7-41ad-a468-1dbb3e9e70ce, ZIP file path: C:\Users\ST-SAH~1\AppData\Local\Temp\MigratedRepository-b3076841-6ee7-41ad-a468-1dbb3e9e70ce.zip, Exists: True, Size: 43453662 bytes
20:52:38 [INFO] main: [DownloadZip] Request received for job_id: b3076841-6ee7-41ad-a468-1dbb3e9e70ce
20:52:38 [DEBUG] fpdf.fpdf: Page break on page 1 at y=277 for element of height 8 > 277
20:52:38 [DEBUG] fpdf.output: Final size summary of the biggest document sections:
20:52:38 [DEBUG] fpdf.output: - pages: 1.7KiB
20:52:38 [DEBUG] fpdf.output: - fonts: 304.0B
20:52:41 [INFO] main: [DownloadZip] Completed archiving for job_id: b3076841-6ee7-41ad-a468-1dbb3e9e70ce, ZIP file path: C:\Users\ST-SAH~1\AppData\Local\Temp\MigratedRepository-b3076841-6ee7-41ad-a468-1dbb3e9e70ce.zip, Exists: True, Size: 43453661 bytes
20:52:42 [INFO] main: [DownloadZip] Request received for job_id: b3076841-6ee7-41ad-a468-1dbb3e9e70ce
20:52:42 [DEBUG] fpdf.fpdf: Page break on page 1 at y=277 for element of height 8 > 277
20:52:42 [DEBUG] fpdf.output: Final size summary of the biggest document sections:
20:52:42 [DEBUG] fpdf.output: - pages: 1.7KiB
20:52:42 [DEBUG] fpdf.output: - fonts: 304.0B
20:52:45 [INFO] main: [DownloadZip] Completed archiving for job_id: b3076841-6ee7-41ad-a468-1dbb3e9e70ce, ZIP file path: C:\Users\ST-SAH~1\AppData\Local\Temp\MigratedRepository-b3076841-6ee7-41ad-a468-1dbb3e9e70ce.zip, Exists: True, Size: 43453661 bytes
